// Jest Snapshot v1, https://goo.gl/fbAQLP

exports[`All notes tests should render the UI correctly 1`] = `
<DocumentFragment>
  <div
    class="bg-green-500 sm:bg-red-500 xl:bg-blue-500 h-[21%] flex flex-col  items-center justify-evenly text-black font-mono font-black "
  >
    <h1
      class="text-3xl sm:text-4xl xl:text-5xl font-extrabold"
    >
      NOTES TAKING APP
    </h1>
    <div
      class="flex flex-row gap-x-4 xl:gap-x-8 sm:gap-x-6"
    >
      <button
        class="bg-slate-100 rounded-xl border-none xl:w-[100px] sm:w-[80px] w-[60px]"
      >
        <span
          class="text-sm sm:text-lg xl:text-2xl"
        >
          HOME
        </span>
      </button>
      <button
        class="bg-slate-100 rounded-xl border-none xl:w-[100px] sm:w-[80px] w-[60px]"
      >
        <span
          class="text-sm sm:text-lg xl:text-2xl"
        >
          ALL
        </span>
      </button>
      <button
        class="bg-slate-100 rounded-xl border-none xl:w-[100px] sm:w-[80px] w-[60px]"
      >
        <span
          class="text-sm sm:text-lg xl:text-2xl"
        >
          ADD
        </span>
      </button>
      <button
        class="bg-slate-100 rounded-xl border-none xl:w-[100px] sm:w-[80px] w-[60px]"
      >
        <span
          class="text-sm sm:text-lg xl:text-2xl"
        >
          REMOVE
        </span>
      </button>
    </div>
  </div>
  <div
    class="h-screen"
  />
</DocumentFragment>
`;
